[12:30:34] [ServerMain/INFO]: Environment: Environment[sessionHost=https://sessionserver.mojang.com, servicesHost=https://api.minecraftservices.com, name=PROD]
[12:30:35] [ServerMain/INFO]: Loaded 1407 recipes
[12:30:35] [ServerMain/INFO]: Loaded 1520 advancements
[12:30:35] [Server thread/INFO]: Starting minecraft server version 1.21.8
[12:30:35] [Server thread/INFO]: Loading properties
[12:30:35] [Server thread/INFO]: Default game type: SURVIVAL
[12:30:35] [Server thread/INFO]: Generating keypair
[12:30:35] [Server thread/INFO]: Starting Minecraft server on *:25565
[12:30:35] [Server thread/INFO]: Using default channel type
[12:30:35] [Server thread/WARN]: **** SERVER IS RUNNING IN OFFLINE/INSECURE MODE!
[12:30:35] [Server thread/WARN]: The server will make no attempt to authenticate usernames. Beware.
[12:30:35] [Server thread/WARN]: While this makes the game possible to play without internet access, it also opens up the ability for hackers to connect with any username they choose.
[12:30:35] [Server thread/WARN]: To change this, set "online-mode" to "true" in the server.properties file.
[12:30:35] [Server thread/INFO]: Preparing level "world"
[12:30:36] [Server thread/INFO]: Preparing start region for dimension minecraft:overworld
[12:30:37] [Worker-Main-13/INFO]: Preparing spawn area: 0%
[12:30:37] [Worker-Main-13/INFO]: Preparing spawn area: 0%
[12:30:37] [Server thread/INFO]: Time elapsed: 773 ms
[12:30:37] [Server thread/INFO]: Done (1.249s)! For help, type "help"
[12:31:37] [Server thread/INFO]: Server empty for 60 seconds, pausing
[12:42:53] [Server thread/INFO]: SAKURA_141203[/[0:0:0:0:0:0:0:1]:64901] logged in with entity id 7 at (-28.670231024480906, 72.0, 8.99739910453705)
[12:42:53] [Server thread/INFO]: SAKURA_141203 joined the game
[12:42:54] [Server thread/WARN]: Can't keep up! Is the server overloaded? Running 2046ms or 40 ticks behind
[12:42:57] [Server thread/INFO]: SAKURA_141203 lost connection: Disconnected
[12:42:57] [Server thread/INFO]: SAKURA_141203 left the game
[12:43:55] [Server thread/INFO]: Server empty for 60 seconds, pausing
[12:51:47] [Server thread/INFO]: Stopping server
[12:51:47] [Server thread/INFO]: Saving players
[12:51:47] [Server thread/INFO]: Saving worlds
[12:51:47] [Server thread/INFO]: Saving chunks for level 'ServerLevel[world]'/minecraft:overworld
[12:51:47] [Server thread/INFO]: Saving chunks for level 'ServerLevel[world]'/minecraft:the_nether
[12:51:47] [Server thread/INFO]: Saving chunks for level 'ServerLevel[world]'/minecraft:the_end
[12:51:47] [Server thread/INFO]: ThreadedAnvilChunkStorage (world): All chunks are saved
[12:51:47] [Server thread/INFO]: ThreadedAnvilChunkStorage (DIM-1): All chunks are saved
[12:51:47] [Server thread/INFO]: ThreadedAnvilChunkStorage (DIM1): All chunks are saved
[12:51:47] [Server thread/INFO]: ThreadedAnvilChunkStorage: All dimensions are saved
